[10/600] wal n=1000 pct=10 stop last=8.4ms
[20/600] nowal n=1000 pct=10 stop last=9.1ms
[30/600] wal n=1000 pct=10 kill last=16.5ms
[40/600] nowal n=1000 pct=10 kill last=15.1ms
[50/600] wal n=1000 pct=50 stop last=15.3ms
[60/600] nowal n=1000 pct=50 stop last=26.5ms
[70/600] wal n=1000 pct=50 kill last=28.6ms
[80/600] nowal n=1000 pct=50 kill last=29.5ms
[90/600] wal n=1000 pct=100 stop last=22.8ms
[100/600] nowal n=1000 pct=100 stop last=11.1ms
[110/600] wal n=1000 pct=100 kill last=30.5ms
[120/600] nowal n=1000 pct=100 kill last=28.9ms
[130/600] wal n=10000 pct=10 stop last=45.6ms
[140/600] nowal n=10000 pct=10 stop last=23.7ms
[150/600] wal n=10000 pct=10 kill last=31.8ms
[160/600] nowal n=10000 pct=10 kill last=29.4ms
[170/600] wal n=10000 pct=50 stop last=28.3ms
[180/600] nowal n=10000 pct=50 stop last=31.2ms
[190/600] wal n=10000 pct=50 kill last=38.4ms
[200/600] nowal n=10000 pct=50 kill last=39.2ms
[210/600] wal n=10000 pct=100 stop last=24.7ms
[220/600] nowal n=10000 pct=100 stop last=36.7ms
[230/600] wal n=10000 pct=100 kill last=49.3ms
[240/600] nowal n=10000 pct=100 kill last=56.4ms
[250/600] wal n=100000 pct=10 stop last=25.3ms
[260/600] nowal n=100000 pct=10 stop last=50.2ms
[270/600] wal n=100000 pct=10 kill last=46.6ms
[280/600] nowal n=100000 pct=10 kill last=55.1ms
[290/600] wal n=100000 pct=50 stop last=65.5ms
[300/600] nowal n=100000 pct=50 stop last=108.6ms
[310/600] wal n=100000 pct=50 kill last=107.8ms
[320/600] nowal n=100000 pct=50 kill last=133.8ms
[330/600] wal n=100000 pct=100 stop last=129.4ms
[340/600] nowal n=100000 pct=100 stop last=232.8ms
[350/600] wal n=100000 pct=100 kill last=214.6ms
[360/600] nowal n=100000 pct=100 kill last=235.7ms
[370/600] wal n=500000 pct=10 stop last=71.7ms
[380/600] nowal n=500000 pct=10 stop last=115.0ms
[390/600] wal n=500000 pct=10 kill last=116.6ms
[400/600] nowal n=500000 pct=10 kill last=139.5ms
[410/600] wal n=500000 pct=50 stop last=336.9ms
[420/600] nowal n=500000 pct=50 stop last=522.8ms
[430/600] wal n=500000 pct=50 kill last=481.8ms
[440/600] nowal n=500000 pct=50 kill last=543.2ms
[450/600] wal n=500000 pct=100 stop last=660.5ms
[460/600] nowal n=500000 pct=100 stop last=1043.7ms
[470/600] wal n=500000 pct=100 kill last=963.2ms
[480/600] nowal n=500000 pct=100 kill last=1106.0ms
[490/600] wal n=1000000 pct=10 stop last=126.7ms
[500/600] nowal n=1000000 pct=10 stop last=208.8ms
[510/600] wal n=1000000 pct=10 kill last=212.9ms
[520/600] nowal n=1000000 pct=10 kill last=232.7ms
[530/600] wal n=1000000 pct=50 stop last=688.8ms
[540/600] nowal n=1000000 pct=50 stop last=1044.8ms
[550/600] wal n=1000000 pct=50 kill last=997.6ms
[560/600] nowal n=1000000 pct=50 kill last=1075.5ms
[570/600] wal n=1000000 pct=100 stop last=1400.9ms
[580/600] nowal n=1000000 pct=100 stop last=2314.8ms
[590/600] wal n=1000000 pct=100 kill last=1597.5ms
[600/600] nowal n=1000000 pct=100 kill last=2134.7ms
DONE -> bench/out/raw.csv
